2026-08-05 20:41:59,306 | WARNING | Failed to retrieve data for GBPUSD
2026-08-05 20:41:59,306 | WARNING | Failed to retrieve data for EURUSD
2026-08-05 20:41:59,307 | WARNING | Failed to retrieve data for USDJPY
2026-08-05 20:41:59,307 | WARNING | Failed to retrieve data for AUDUSD
2026-08-05 20:41:59,307 | WARNING | Failed to retrieve data for USDCHF
2026-08-05 20:41:59,308 | WARNING | Failed to retrieve data for USDCAD
2026-08-05 20:41:59,308 | WARNING | Failed to retrieve data for NZDUSD
2026-08-05 20:41:59,308 | WARNING | Failed to retrieve data for XAUUSD
2026-08-05 20:41:59,309 | WARNING | Failed to retrieve data for XAGUSD
2026-08-05 20:41:59,309 | WARNING | Failed to retrieve data for US30
2026-08-05 20:41:59,310 | WARNING | Failed to retrieve data for NAS100
2026-08-05 20:41:59,310 | WARNING | Failed to retrieve data for SPX500
2026-08-05 20:56:46,537 | WARNING | Failed to retrieve data for GBPUSD
2026-08-05 20:56:46,542 | WARNING | Failed to retrieve data for EURUSD
2026-08-05 20:56:46,547 | WARNING | Failed to retrieve data for USDJPY
2026-08-05 20:56:46,548 | WARNING | Failed to retrieve data for AUDUSD
2026-08-05 20:56:46,558 | WARNING | Failed to retrieve data for USDCHF
2026-08-05 20:56:46,562 | WARNING | Failed to retrieve data for USDCAD
2026-08-05 20:56:46,565 | WARNING | Failed to retrieve data for NZDUSD
2026-08-05 20:56:46,570 | WARNING | Failed to retrieve data for XAUUSD
2026-08-05 20:56:46,580 | WARNING | Failed to retrieve data for XAGUSD
2026-08-05 20:56:46,581 | WARNING | Failed to retrieve data for US30
2026-08-05 20:56:46,581 | WARNING | Failed to retrieve data for NAS100
2026-08-05 20:56:46,584 | WARNING | Failed to retrieve data for SPX500
2026-08-05 21:00:08,010 | WARNING | Failed to retrieve data for GBPUSD
2026-08-05 21:00:08,011 | WARNING | Failed to retrieve data for EURUSD
2026-08-05 21:00:08,012 | WARNING | Failed to retrieve data for USDJPY
2026-08-05 21:00:08,012 | WARNING | Failed to retrieve data for AUDUSD
2026-08-05 21:00:08,012 | WARNING | Failed to retrieve data for USDCHF
2026-08-05 21:00:08,013 | WARNING | Failed to retrieve data for USDCAD
2026-08-05 21:00:08,013 | WARNING | Failed to retrieve data for NZDUSD
2026-08-05 21:00:08,013 | WARNING | Failed to retrieve data for XAUUSD
2026-08-05 21:00:08,014 | WARNING | Failed to retrieve data for XAGUSD
2026-08-05 21:00:08,014 | WARNING | Failed to retrieve data for US30
2026-08-05 21:00:08,014 | WARNING | Failed to retrieve data for NAS100
2026-08-05 21:00:08,014 | WARNING | Failed to retrieve data for SPX500
